// Jest Snapshot v1, https://goo.gl/fbAQLP

exports[`<Accordion /> opens and closes the <Accordion/> component 1`] = `
<div
  class="accordion__Container-sc-1wnyt6p-0 hnCdYS"
>
  <div
    class="accordion__Inner-sc-1wnyt6p-1 inWBul"
  >
    <h1
      class="accordion__Title-sc-1wnyt6p-3 gnCmLE"
    >
      Frequently Asked Questions
    </h1>
    <div
      class="accordion__Frame-sc-1wnyt6p-2 eIJVmr"
    >
      <div
        class="accordion__Item-sc-1wnyt6p-4 ijuhMl"
      >
        <div
          class="accordion__Header-sc-1wnyt6p-5 eseSPj"
        >
          What is Netflix?
          <img
            alt="Open"
            src="/images/icons/add.png"
          />
        </div>
      </div>
      <div
        class="accordion__Item-sc-1wnyt6p-4 ijuhMl"
      >
        <div
          class="accordion__Header-sc-1wnyt6p-5 eseSPj"
        >
          How much does Netflix cost?
          <img
            alt="Open"
            src="/images/icons/add.png"
          />
        </div>
      </div>
      <div
        class="accordion__Item-sc-1wnyt6p-4 ijuhMl"
      >
        <div
          class="accordion__Header-sc-1wnyt6p-5 eseSPj"
        >
          Where can I watch?
          <img
            alt="Open"
            src="/images/icons/add.png"
          />
        </div>
      </div>
      <div
        class="accordion__Item-sc-1wnyt6p-4 ijuhMl"
      >
        <div
          class="accordion__Header-sc-1wnyt6p-5 eseSPj"
        >
          How do I cancel?
          <img
            alt="Open"
            src="/images/icons/add.png"
          />
        </div>
      </div>
      <div
        class="accordion__Item-sc-1wnyt6p-4 ijuhMl"
      >
        <div
          class="accordion__Header-sc-1wnyt6p-5 eseSPj"
        >
          What can I watch on Netflix?
          <img
            alt="Open"
            src="/images/icons/add.png"
          />
        </div>
      </div>
    </div>
  </div>
</div>
`;

exports[`<Accordion /> renders the <Accordion/> with populated data 1`] = `
<div
  class="accordion__Container-sc-1wnyt6p-0 hnCdYS"
>
  <div
    class="accordion__Inner-sc-1wnyt6p-1 inWBul"
  >
    <h1
      class="accordion__Title-sc-1wnyt6p-3 gnCmLE"
    >
      Frequently Asked Questions
    </h1>
    <div
      class="accordion__Frame-sc-1wnyt6p-2 eIJVmr"
    >
      <div
        class="accordion__Item-sc-1wnyt6p-4 ijuhMl"
      >
        <div
          class="accordion__Header-sc-1wnyt6p-5 eseSPj"
        >
          What is Netflix?
          <img
            alt="Open"
            src="/images/icons/add.png"
          />
        </div>
      </div>
      <div
        class="accordion__Item-sc-1wnyt6p-4 ijuhMl"
      >
        <div
          class="accordion__Header-sc-1wnyt6p-5 eseSPj"
        >
          How much does Netflix cost?
          <img
            alt="Open"
            src="/images/icons/add.png"
          />
        </div>
      </div>
      <div
        class="accordion__Item-sc-1wnyt6p-4 ijuhMl"
      >
        <div
          class="accordion__Header-sc-1wnyt6p-5 eseSPj"
        >
          Where can I watch?
          <img
            alt="Open"
            src="/images/icons/add.png"
          />
        </div>
      </div>
      <div
        class="accordion__Item-sc-1wnyt6p-4 ijuhMl"
      >
        <div
          class="accordion__Header-sc-1wnyt6p-5 eseSPj"
        >
          How do I cancel?
          <img
            alt="Open"
            src="/images/icons/add.png"
          />
        </div>
      </div>
      <div
        class="accordion__Item-sc-1wnyt6p-4 ijuhMl"
      >
        <div
          class="accordion__Header-sc-1wnyt6p-5 eseSPj"
        >
          What can I watch on Netflix?
          <img
            alt="Open"
            src="/images/icons/add.png"
          />
        </div>
      </div>
    </div>
  </div>
</div>
`;
