// Jest Snapshot v1, https://goo.gl/fbAQLP

exports[`<Player /> renders the <Footer /> with populated data 1`] = `
<div
  class="footer__Container-eh6b4z-0 NSflF"
>
  <p
    class="footer__Title-eh6b4z-4 iluQdD"
  >
    Questions? Call 1-123-456-7891
  </p>
  <p
    class="footer__Break-eh6b4z-6 beBfaI"
  />
  <div
    class="footer__Row-eh6b4z-1 esnMts"
  >
    <div
      class="footer__Column-eh6b4z-2 KRwNl"
    >
      <a
        class="footer__Link-eh6b4z-3 iobvLa"
        href="#"
      >
        FAQ
      </a>
      <a
        class="footer__Link-eh6b4z-3 iobvLa"
        href="#"
      >
        Investor Relations
      </a>
      <a
        class="footer__Link-eh6b4z-3 iobvLa"
        href="#"
      >
        Ways to Watch
      </a>
      <a
        class="footer__Link-eh6b4z-3 iobvLa"
        href="#"
      >
        Corporate Information
      </a>
      <a
        class="footer__Link-eh6b4z-3 iobvLa"
        href="#"
      >
        Netflix Originals
      </a>
    </div>
    <div
      class="footer__Column-eh6b4z-2 KRwNl"
    >
      <a
        class="footer__Link-eh6b4z-3 iobvLa"
        href="#"
      >
        Help Center
      </a>
      <a
        class="footer__Link-eh6b4z-3 iobvLa"
        href="#"
      >
        Jobs
      </a>
      <a
        class="footer__Link-eh6b4z-3 iobvLa"
        href="#"
      >
        Terms of Use
      </a>
      <a
        class="footer__Link-eh6b4z-3 iobvLa"
        href="#"
      >
        Contact Us
      </a>
    </div>
    <div
      class="footer__Column-eh6b4z-2 KRwNl"
    >
      <a
        class="footer__Link-eh6b4z-3 iobvLa"
        href="#"
      >
        Account
      </a>
      <a
        class="footer__Link-eh6b4z-3 iobvLa"
        href="#"
      >
        Redeem Gift Cards
      </a>
      <a
        class="footer__Link-eh6b4z-3 iobvLa"
        href="#"
      >
        Privacy
      </a>
      <a
        class="footer__Link-eh6b4z-3 iobvLa"
        href="#"
      >
        Speed Test
      </a>
    </div>
    <div
      class="footer__Column-eh6b4z-2 KRwNl"
    >
      <a
        class="footer__Link-eh6b4z-3 iobvLa"
        href="#"
      >
        Media Center
      </a>
      <a
        class="footer__Link-eh6b4z-3 iobvLa"
        href="#"
      >
        Buy Gift Cards
      </a>
      <a
        class="footer__Link-eh6b4z-3 iobvLa"
        href="#"
      >
        Cookie Preferences
      </a>
      <a
        class="footer__Link-eh6b4z-3 iobvLa"
        href="#"
      >
        Legal Notices
      </a>
    </div>
  </div>
</div>
`;
